// Jest Snapshot v1, https://goo.gl/fbAQLP

exports[`Es hora de las instantanias Siempre fallara la instantanea 1`] = `
Object {
  "createAt": 2021-07-06T17:35:33.580Z,
  "id": 5,
}
`;

exports[`Es hora de las instantanias Snapshot 1`] = `
Object {
  "gender": "Male",
  "id": 1,
  "name": " Rick Sanches",
  "species": "Human",
  "status": "Alive",
}
`;

exports[`Es hora de las instantanias Tenemos una excepcion dentro del codigo 1`] = `
Object {
  "id": Any<Number>,
  "name": "Carlos Lopez",
}
`;
